// Jest Snapshot v1, https://goo.gl/fbAQLP

exports[`snapshot test 1`] = `
{
  "Parameters": {
    "BootstrapVersion": {
      "Default": "/cdk-bootstrap/hnb659fds/version",
      "Description": "Version of the CDK Bootstrap resources in this environment, automatically retrieved from SSM Parameter Store. [cdk:skip]",
      "Type": "AWS::SSM::Parameter::Value<String>",
    },
  },
  "Resources": {
    "TableCD117FA1": {
      "DeletionPolicy": "Retain",
      "Properties": {
        "AttributeDefinitions": [
          {
            "AttributeName": "profileId",
            "AttributeType": "N",
          },
          {
            "AttributeName": "conference#timestamp",
            "AttributeType": "S",
          },
        ],
        "BillingMode": "PAY_PER_REQUEST",
        "KeySchema": [
          {
            "AttributeName": "profileId",
            "KeyType": "HASH",
          },
          {
            "AttributeName": "conference#timestamp",
            "KeyType": "RANGE",
          },
        ],
      },
      "Type": "AWS::DynamoDB::Table",
      "UpdateReplacePolicy": "Retain",
    },
    "getProfilePoint58F6A9AB": {
      "DependsOn": [
        "getProfilePointServiceRoleDefaultPolicyD399569A",
        "getProfilePointServiceRoleEC991F3A",
      ],
      "Properties": {
        "Code": {
          "S3Bucket": {
            "Fn::Sub": "cdk-hnb659fds-assets-\${AWS::AccountId}-ap-northeast-1",
          },
          "S3Key": "[HASH REMOVED]",
        },
        "Environment": {
          "Variables": {
            "AWS_NODEJS_CONNECTION_REUSE_ENABLED": "1",
            "TABLENAME": {
              "Ref": "TableCD117FA1",
            },
          },
        },
        "Handler": "index.handler",
        "Role": {
          "Fn::GetAtt": [
            "getProfilePointServiceRoleEC991F3A",
            "Arn",
          ],
        },
        "Runtime": "nodejs14.x",
      },
      "Type": "AWS::Lambda::Function",
    },
    "getProfilePointServiceRoleDefaultPolicyD399569A": {
      "Properties": {
        "PolicyDocument": {
          "Statement": [
            {
              "Action": "dynamodb:Query",
              "Effect": "Allow",
              "Resource": {
                "Fn::GetAtt": [
                  "TableCD117FA1",
                  "Arn",
                ],
              },
            },
          ],
          "Version": "2012-10-17",
        },
        "PolicyName": "getProfilePointServiceRoleDefaultPolicyD399569A",
        "Roles": [
          {
            "Ref": "getProfilePointServiceRoleEC991F3A",
          },
        ],
      },
      "Type": "AWS::IAM::Policy",
    },
    "getProfilePointServiceRoleEC991F3A": {
      "Properties": {
        "AssumeRolePolicyDocument": {
          "Statement": [
            {
              "Action": "sts:AssumeRole",
              "Effect": "Allow",
              "Principal": {
                "Service": "lambda.amazonaws.com",
              },
            },
          ],
          "Version": "2012-10-17",
        },
        "ManagedPolicyArns": [
          {
            "Fn::Join": [
              "",
              [
                "arn:",
                {
                  "Ref": "AWS::Partition",
                },
                ":iam::aws:policy/service-role/AWSLambdaBasicExecutionRole",
              ],
            ],
          },
        ],
      },
      "Type": "AWS::IAM::Role",
    },
    "postProfilePointEFB04901": {
      "DependsOn": [
        "postProfilePointServiceRoleDefaultPolicyF57921C5",
        "postProfilePointServiceRole0F5C54F5",
      ],
      "Properties": {
        "Code": {
          "S3Bucket": {
            "Fn::Sub": "cdk-hnb659fds-assets-\${AWS::AccountId}-ap-northeast-1",
          },
          "S3Key": "[HASH REMOVED]",
        },
        "Environment": {
          "Variables": {
            "AWS_NODEJS_CONNECTION_REUSE_ENABLED": "1",
            "TABLENAME": {
              "Ref": "TableCD117FA1",
            },
          },
        },
        "Handler": "index.handler",
        "Role": {
          "Fn::GetAtt": [
            "postProfilePointServiceRole0F5C54F5",
            "Arn",
          ],
        },
        "Runtime": "nodejs14.x",
      },
      "Type": "AWS::Lambda::Function",
    },
    "postProfilePointServiceRole0F5C54F5": {
      "Properties": {
        "AssumeRolePolicyDocument": {
          "Statement": [
            {
              "Action": "sts:AssumeRole",
              "Effect": "Allow",
              "Principal": {
                "Service": "lambda.amazonaws.com",
              },
            },
          ],
          "Version": "2012-10-17",
        },
        "ManagedPolicyArns": [
          {
            "Fn::Join": [
              "",
              [
                "arn:",
                {
                  "Ref": "AWS::Partition",
                },
                ":iam::aws:policy/service-role/AWSLambdaBasicExecutionRole",
              ],
            ],
          },
        ],
      },
      "Type": "AWS::IAM::Role",
    },
    "postProfilePointServiceRoleDefaultPolicyF57921C5": {
      "Properties": {
        "PolicyDocument": {
          "Statement": [
            {
              "Action": "dynamodb:PutItem",
              "Effect": "Allow",
              "Resource": {
                "Fn::GetAtt": [
                  "TableCD117FA1",
                  "Arn",
                ],
              },
            },
          ],
          "Version": "2012-10-17",
        },
        "PolicyName": "postProfilePointServiceRoleDefaultPolicyF57921C5",
        "Roles": [
          {
            "Ref": "postProfilePointServiceRole0F5C54F5",
          },
        ],
      },
      "Type": "AWS::IAM::Policy",
    },
  },
  "Rules": {
    "CheckBootstrapVersion": {
      "Assertions": [
        {
          "Assert": {
            "Fn::Not": [
              {
                "Fn::Contains": [
                  [
                    "1",
                    "2",
                    "3",
                    "4",
                    "5",
                  ],
                  {
                    "Ref": "BootstrapVersion",
                  },
                ],
              },
            ],
          },
          "AssertDescription": "CDK bootstrap stack version 6 required. Please run 'cdk bootstrap' with a recent version of the CDK CLI.",
        },
      ],
    },
  },
}
`;
