// Jest Snapshot v1, https://goo.gl/fbAQLP

exports[`snapshot test 1`] = `
{
  "Outputs": {
    "viewerCountArnOutPut": {
      "Export": {
        "Name": "viewerCountStack-GetViewerCountFunction-Arn-test",
      },
      "Value": {
        "Fn::GetAtt": [
          "getViewerCount01DE1D78",
          "Arn",
        ],
      },
    },
  },
  "Parameters": {
    "BootstrapVersion": {
      "Default": "/cdk-bootstrap/hnb659fds/version",
      "Description": "Version of the CDK Bootstrap resources in this environment, automatically retrieved from SSM Parameter Store. [cdk:skip]",
      "Type": "AWS::SSM::Parameter::Value<String>",
    },
  },
  "Resources": {
    "ViewerCountTable44C1ED92": {
      "DeletionPolicy": "Delete",
      "Properties": {
        "AttributeDefinitions": [
          {
            "AttributeName": "trackId",
            "AttributeType": "N",
          },
        ],
        "BillingMode": "PAY_PER_REQUEST",
        "KeySchema": [
          {
            "AttributeName": "trackId",
            "KeyType": "HASH",
          },
        ],
      },
      "Type": "AWS::DynamoDB::Table",
      "UpdateReplacePolicy": "Delete",
    },
    "getViewerCount01DE1D78": {
      "DependsOn": [
        "getViewerCountServiceRoleDefaultPolicy23F6B6D0",
        "getViewerCountServiceRole8DF97757",
      ],
      "Properties": {
        "Code": {
          "S3Bucket": {
            "Fn::Sub": "cdk-hnb659fds-assets-\${AWS::AccountId}-ap-northeast-1",
          },
          "S3Key": "[HASH REMOVED]",
        },
        "Environment": {
          "Variables": {
            "AWS_NODEJS_CONNECTION_REUSE_ENABLED": "1",
            "TABLENAME": {
              "Ref": "ViewerCountTable44C1ED92",
            },
          },
        },
        "Handler": "index.handler",
        "Role": {
          "Fn::GetAtt": [
            "getViewerCountServiceRole8DF97757",
            "Arn",
          ],
        },
        "Runtime": "nodejs14.x",
      },
      "Type": "AWS::Lambda::Function",
    },
    "getViewerCountServiceRole8DF97757": {
      "Properties": {
        "AssumeRolePolicyDocument": {
          "Statement": [
            {
              "Action": "sts:AssumeRole",
              "Effect": "Allow",
              "Principal": {
                "Service": "lambda.amazonaws.com",
              },
            },
          ],
          "Version": "2012-10-17",
        },
        "ManagedPolicyArns": [
          {
            "Fn::Join": [
              "",
              [
                "arn:",
                {
                  "Ref": "AWS::Partition",
                },
                ":iam::aws:policy/service-role/AWSLambdaBasicExecutionRole",
              ],
            ],
          },
        ],
      },
      "Type": "AWS::IAM::Role",
    },
    "getViewerCountServiceRoleDefaultPolicy23F6B6D0": {
      "Properties": {
        "PolicyDocument": {
          "Statement": [
            {
              "Action": "dynamodb:GetItem",
              "Effect": "Allow",
              "Resource": "arn:aws:dynamodb:*:*:table/*",
            },
          ],
          "Version": "2012-10-17",
        },
        "PolicyName": "getViewerCountServiceRoleDefaultPolicy23F6B6D0",
        "Roles": [
          {
            "Ref": "getViewerCountServiceRole8DF97757",
          },
        ],
      },
      "Type": "AWS::IAM::Policy",
    },
    "saveViewerCount311FBA34": {
      "DependsOn": [
        "saveViewerCountServiceRoleDefaultPolicyA5138DFA",
        "saveViewerCountServiceRoleDC54D3E3",
      ],
      "Properties": {
        "Code": {
          "S3Bucket": {
            "Fn::Sub": "cdk-hnb659fds-assets-\${AWS::AccountId}-ap-northeast-1",
          },
          "S3Key": "[HASH REMOVED]",
        },
        "Environment": {
          "Variables": {
            "AWS_NODEJS_CONNECTION_REUSE_ENABLED": "1",
            "GET_TRACKS_URL": "https://test.cloudnativedays.jp",
            "TABLENAME": {
              "Ref": "ViewerCountTable44C1ED92",
            },
          },
        },
        "Handler": "index.handler",
        "Role": {
          "Fn::GetAtt": [
            "saveViewerCountServiceRoleDC54D3E3",
            "Arn",
          ],
        },
        "Runtime": "nodejs14.x",
      },
      "Type": "AWS::Lambda::Function",
    },
    "saveViewerCountRuleAllowEventRulestacksaveViewerCountD24E013198B0FF84": {
      "Properties": {
        "Action": "lambda:InvokeFunction",
        "FunctionName": {
          "Fn::GetAtt": [
            "saveViewerCount311FBA34",
            "Arn",
          ],
        },
        "Principal": "events.amazonaws.com",
        "SourceArn": {
          "Fn::GetAtt": [
            "saveViewerCountRuleDB40B18D",
            "Arn",
          ],
        },
      },
      "Type": "AWS::Lambda::Permission",
    },
    "saveViewerCountRuleDB40B18D": {
      "Properties": {
        "ScheduleExpression": "rate(1 minute)",
        "State": "ENABLED",
        "Targets": [
          {
            "Arn": {
              "Fn::GetAtt": [
                "saveViewerCount311FBA34",
                "Arn",
              ],
            },
            "Id": "Target0",
          },
        ],
      },
      "Type": "AWS::Events::Rule",
    },
    "saveViewerCountServiceRoleDC54D3E3": {
      "Properties": {
        "AssumeRolePolicyDocument": {
          "Statement": [
            {
              "Action": "sts:AssumeRole",
              "Effect": "Allow",
              "Principal": {
                "Service": "lambda.amazonaws.com",
              },
            },
          ],
          "Version": "2012-10-17",
        },
        "ManagedPolicyArns": [
          {
            "Fn::Join": [
              "",
              [
                "arn:",
                {
                  "Ref": "AWS::Partition",
                },
                ":iam::aws:policy/service-role/AWSLambdaBasicExecutionRole",
              ],
            ],
          },
        ],
      },
      "Type": "AWS::IAM::Role",
    },
    "saveViewerCountServiceRoleDefaultPolicyA5138DFA": {
      "Properties": {
        "PolicyDocument": {
          "Statement": [
            {
              "Action": [
                "dynamodb:PutItem",
                "ivs:GetStream",
              ],
              "Effect": "Allow",
              "Resource": [
                "arn:aws:dynamodb:*:*:table/*",
                "arn:aws:ivs:*:*:channel/*",
              ],
            },
          ],
          "Version": "2012-10-17",
        },
        "PolicyName": "saveViewerCountServiceRoleDefaultPolicyA5138DFA",
        "Roles": [
          {
            "Ref": "saveViewerCountServiceRoleDC54D3E3",
          },
        ],
      },
      "Type": "AWS::IAM::Policy",
    },
  },
  "Rules": {
    "CheckBootstrapVersion": {
      "Assertions": [
        {
          "Assert": {
            "Fn::Not": [
              {
                "Fn::Contains": [
                  [
                    "1",
                    "2",
                    "3",
                    "4",
                    "5",
                  ],
                  {
                    "Ref": "BootstrapVersion",
                  },
                ],
              },
            ],
          },
          "AssertDescription": "CDK bootstrap stack version 6 required. Please run 'cdk bootstrap' with a recent version of the CDK CLI.",
        },
      ],
    },
  },
}
`;
